// Jest Snapshot v1, https://goo.gl/fbAQLP

exports[`Form flat snapshot to make sense 1`] = `
Array [
  Object {
    "children": Array [
      Object {
        "children": Array [
          Object {
            "name": "Lorem ipsum",
            "role": "text",
          },
        ],
        "level": 1,
        "name": "Lorem ipsum",
        "role": "heading",
      },
      Object {
        "children": Array [
          Object {
            "name": "What is Lorem Ipsum?",
            "role": "text",
          },
        ],
        "level": 2,
        "name": "What is Lorem Ipsum?",
        "role": "heading",
      },
      Object {
        "children": Array [
          Object {
            "name": "Lorem Ipsum is simply dummy text of the printing and typesetting industry. Lorem Ipsum has been the industry's standard dummy text ever since the 1500s, when an unknown printer took a galley of type and scrambled it to make a type specimen book.",
            "role": "text",
          },
        ],
        "name": "",
        "role": "paragraph",
      },
      Object {
        "children": Array [
          Object {
            "name": "It has survived not only five centuries, but also the leap into electronic typesetting, remaining essentially unchanged. It was popularised in the 1960s with the release of Letraset sheets containing Lorem Ipsum passages, and more recently with desktop publishing software like Aldus PageMaker including versions of Lorem Ipsum.",
            "role": "text",
          },
        ],
        "name": "",
        "role": "paragraph",
      },
      Object {
        "children": Array [
          Object {
            "name": "Why do we use it?",
            "role": "text",
          },
        ],
        "level": 2,
        "name": "Why do we use it?",
        "role": "heading",
      },
      Object {
        "children": Array [
          Object {
            "name": "It is a long established fact that a reader will be distracted by the readable content of a page when looking at its layout. The point of using Lorem Ipsum is that it has a more-or-less normal distribution of letters, as opposed to using 'Content here, content here', making it look like readable English. Many desktop publishing packages and web page editors now use Lorem Ipsum as their default model text, and a search for 'lorem ipsum'",
            "role": "text",
          },
        ],
        "name": "",
        "role": "paragraph",
      },
    ],
    "name": "",
    "role": "article",
  },
]
`;
